Microchip MPLAB XC8 Compiler V2.46

Linker command line:

-W-3 \
  --edf=C:\Program Files\Microchip\xc8\v2.46\pic\dat\20240104201356_en.msgs \
  -cn -h+dist/default/production\ventilation_system.production.sym \
  --cmf=dist/default/production\ventilation_system.production.cmf -z \
  -Q18F4620 -oC:\Users\Global\AppData\Local\Temp\xcAsvs.\driver_tmp_3.o \
  --defsym=__MPLAB_BUILD=1 --fixupoverflow=error \
  -Mdist/default/production/ventilation_system.production.map \
  --md=C:\Users\Global\AppData\Local\Temp\xcAsvs.\driver_tmp_0.dat -E1 \
  -ver=XC8 Compiler --acfsm=1493 -ACODE=00h-0FFFFh -ACONST=00h-0FFFFh \
  -ASMALLCONST=01000h-010FFhx240 -AMEDIUMCONST=01000h-0FFFFh \
  -ACOMRAM=01h-07Fh -AABS1=00h-0F7Fh -ABIGRAM=01h-0F7Fh \
  -ARAM=080h-0FFh,0100h-01FFhx14,0F00h-0F7Fh -ABANK0=080h-0FFh \
  -ABANK1=0100h-01FFh -ABANK2=0200h-02FFh -ABANK3=0300h-03FFh \
  -ABANK4=0400h-04FFh -ABANK5=0500h-05FFh -ABANK6=0600h-06FFh \
  -ABANK7=0700h-07FFh -ABANK8=0800h-08FFh -ABANK9=0900h-09FFh \
  -ABANK10=0A00h-0AFFh -ABANK11=0B00h-0BFFh -ABANK12=0C00h-0CFFh \
  -ABANK13=0D00h-0DFFh -ABANK14=0E00h-0EFFh -ABANK15=0F00h-0F7Fh \
  -ASFR=0F80h-0FFFh -ABIGSFR=0F80h-0FFFh -ACONFIG=0300000h-030000Dh \
  -AIDLOC=0200000h-0200007h -AEEDATA=0F00000h-0F003FFh -peeprom_data=EEDATA \
  -preset_vec=00h,intcode=8h,intcodelo,powerup,init -pramtop=01000h \
  -psmallconst=SMALLCONST -pmediumconst=MEDIUMCONST -pconst=CONST \
  -AFARRAM=00h-00h \
  -prdata=COMRAM,nvrram=COMRAM,nvbit=COMRAM,rbss=COMRAM,rbit=COMRAM \
  -pfarbss=FARRAM,fardata=FARRAM,nvFARRAM=FARRAM \
  -pintsave_regs=BIGRAM,bigbss=BIGRAM,bigdata=BIGRAM -pbss=RAM \
  -pidata=CODE,irdata=CODE,ibigdata=CODE,ifardata=CODE -prparam=COMRAM \
  C:\Users\Global\AppData\Local\Temp\xcAsvs.\driver_tmp_14.o \
  dist/default/production\ventilation_system.production.o 

Object code version is 3.11

Machine type is 18F4620



                Name                               Link     Load   Length Selector   Space Scale
C:\Users\Global\AppData\Local\Temp\xcAsvs.\driver_tmp_14.o
                idloc                            200000   200000        8        0       5
                config                           300000   300000        E        0       4
                init                                  E        E        4        4       0
                reset_vec                             0        0        4        0       0
dist/default/production\ventilation_system.production.o
                intcode                               8        8        6        4       0
                idloc                            200000   200000        8        0       5
                config                           300000   300000        E        0       4
                temp                                 79       79        1        1       1
                smallconst                         1000     1000       34      800       0
                text59                             2F1A     2F1A        4     1764       0
                text58                             2F16     2F16        4     1764       0
                text57                             2F12     2F12        4     1764       0
                text56                             2F24     2F24        2     1764       0
                text55                             2F0E     2F0E        4     1764       0
                text54                             2F0A     2F0A        4     1764       0
                text53                             2F06     2F06        4     1764       0
                text52                             2F02     2F02        4     1764       0
                text51                             2EFE     2EFE        4     1764       0
                text50                             2EFA     2EFA        4     1764       0
                text49                             2F22     2F22        2     1764       0
                text48                             2E9E     2E9E       1A     16D5       0
                text47                             2E84     2E84       1A     16D5       0
                text46                             2E6A     2E6A       1A     16D5       0
                text45                             2E50     2E50       1A     16D5       0
                text44                             2EE0     2EE0        C     1764       0
                text43                             2ED4     2ED4        C     1764       0
                text42                             2EEC     2EEC        8     1764       0
                text41                             2EC8     2EC8        C     1764       0
                intcode_body                       145E     145E      406      81A       0
                text39                             2476     2476       B8      81A       0
                text38                             2220     2220       D8      81A       0
                text37                             2D0A     2D0A       38      81A       0
                text36                             2E2E     2E2E       22     16D5       0
                text35                             2996     2996       60      81A       0
                text34                             2B5C     2B5C       46      81A       0
                text33                             2BE2     2BE2       40      81A       0
                text32                             25DE     25DE       AC      81A       0
                text31                             1034     1034      42A      81A       0
                text30                             2030     2030      106      81A       0
                text29                             284E     284E       74      81A       0
                text28                             1C5A     1C5A      1B4      81A       0
                text27                             2F20     2F20        2     1764       0
                text26                             2EF4     2EF4        6     1764       0
                text25                             2DDA     2DDA       30     16D5       0
                text24                             22F8     22F8       C4      81A       0
                text23                             252E     252E       B0      81A       0
                text22                             2D42     2D42       34      81A       0
                text21                             2F1E     2F1E        2     1764       0
                text20                             23BC     23BC       BA      81A       0
                text19                             1A98     1A98      1C2      81A       0
                text18                             2BA2     2BA2       40      81A       0
                text17                             2C5E     2C5E       3C      81A       0
                text16                             268A     268A       AA      81A       0
                text15                             1E0E     1E0E      112      81A       0
                text14                             1F20     1F20      110      81A       0
                text13                             29F6     29F6       5E      81A       0
                text12                             2DAA     2DAA       30     16D5       0
                text11                             2CD2     2CD2       38      81A       0
                text10                             2C9A     2C9A       38      81A       0
                text9                              2E0A     2E0A       24     16D5       0
                text8                              2B0C     2B0C       50      81A       0
                text7                              2AB0     2AB0       5C      81A       0
                text6                              2136     2136       EA      81A       0
                text5                              2A54     2A54       5C      81A       0
                text4                              27CA     27CA       84      81A       0
                text3                              2C22     2C22       3C      81A       0
                text2                              28C2     28C2       72      81A       0
                text1                              2734     2734       96      81A       0
                text0                              1864     1864      234      81A       0
                cstackCOMRAM                         38       38       32        1       1
                cstackBANK1                         100      100        8      100       1
                dataBANK0                            C6       C6       33       80       1
                bssBANK0                             80       80       46       80       1
                dataCOMRAM                           6A       6A        F        1       1
                bssCOMRAM                             1        1       37        1       1
                cinit                              2934     2934       62      81A       0
                nvBANK0                              F9       F9        4       80       1
                idataBANK0                         2D76     2D76       33      81A       0
                idataCOMRAM                        2EB8     2EB8        F     16D5       0

TOTAL           Name                               Link     Load   Length     Space
        CLASS   CODE           
                intcode                               8        8        6         0
                init                                  E        E        4         0
                reset_vec                             0        0        4         0
                text59                             2F1A     2F1A        4         0
                text58                             2F16     2F16        4         0
                text57                             2F12     2F12        4         0
                text56                             2F24     2F24        2         0
                text55                             2F0E     2F0E        4         0
                text54                             2F0A     2F0A        4         0
                text53                             2F06     2F06        4         0
                text52                             2F02     2F02        4         0
                text51                             2EFE     2EFE        4         0
                text50                             2EFA     2EFA        4         0
                text49                             2F22     2F22        2         0
                text48                             2E9E     2E9E       1A         0
                text47                             2E84     2E84       1A         0
                text46                             2E6A     2E6A       1A         0
                text45                             2E50     2E50       1A         0
                text44                             2EE0     2EE0        C         0
                text43                             2ED4     2ED4        C         0
                text42                             2EEC     2EEC        8         0
                text41                             2EC8     2EC8        C         0
                intcode_body                       145E     145E      406         0
                text39                             2476     2476       B8         0
                text38                             2220     2220       D8         0
                text37                             2D0A     2D0A       38         0
                text36                             2E2E     2E2E       22         0
                text35                             2996     2996       60         0
                text34                             2B5C     2B5C       46         0
                text33                             2BE2     2BE2       40         0
                text32                             25DE     25DE       AC         0
                text31                             1034     1034      42A         0
                text30                             2030     2030      106         0
                text29                             284E     284E       74         0
                text28                             1C5A     1C5A      1B4         0
                text27                             2F20     2F20        2         0
                text26                             2EF4     2EF4        6         0
                text25                             2DDA     2DDA       30         0
                text24                             22F8     22F8       C4         0
                text23                             252E     252E       B0         0
                text22                             2D42     2D42       34         0
                text21                             2F1E     2F1E        2         0
                text20                             23BC     23BC       BA         0
                text19                             1A98     1A98      1C2         0
                text18                             2BA2     2BA2       40         0
                text17                             2C5E     2C5E       3C         0
                text16                             268A     268A       AA         0
                text15                             1E0E     1E0E      112         0
                text14                             1F20     1F20      110         0
                text13                             29F6     29F6       5E         0
                text12                             2DAA     2DAA       30         0
                text11                             2CD2     2CD2       38         0
                text10                             2C9A     2C9A       38         0
                text9                              2E0A     2E0A       24         0
                text8                              2B0C     2B0C       50         0
                text7                              2AB0     2AB0       5C         0
                text6                              2136     2136       EA         0
                text5                              2A54     2A54       5C         0
                text4                              27CA     27CA       84         0
                text3                              2C22     2C22       3C         0
                text2                              28C2     28C2       72         0
                text1                              2734     2734       96         0
                text0                              1864     1864      234         0
                cinit                              2934     2934       62         0
                idataBANK0                         2D76     2D76       33         0
                idataCOMRAM                        2EB8     2EB8        F         0

        CLASS   CONST          

        CLASS   SMALLCONST     
                smallconst                         1000     1000       34         0

        CLASS   MEDIUMCONST    

        CLASS   COMRAM         
                temp                                 79       79        1         1
                cstackCOMRAM                         38       38       32         1
                dataCOMRAM                           6A       6A        F         1
                bssCOMRAM                             1        1       37         1

        CLASS   ABS1           

        CLASS   BIGRAM         

        CLASS   RAM            

        CLASS   BANK0          
                dataBANK0                            C6       C6       33         1
                bssBANK0                             80       80       46         1
                nvBANK0                              F9       F9        4         1

        CLASS   BANK1          
                cstackBANK1                         100      100        8         1

        CLASS   BANK2          

        CLASS   BANK3          

        CLASS   BANK4          

        CLASS   BANK5          

        CLASS   BANK6          

        CLASS   BANK7          

        CLASS   BANK8          

        CLASS   BANK9          

        CLASS   BANK10         

        CLASS   BANK11         

        CLASS   BANK12         

        CLASS   BANK13         

        CLASS   BANK14         

        CLASS   BANK15         

        CLASS   SFR            

        CLASS   BIGSFR         

        CLASS   CONFIG         
                config                           300000   300000        E         4

        CLASS   IDLOC          
                idloc                            200000   200000        8         5

        CLASS   EEDATA         

        CLASS   FARRAM         

        CLASS   HEAP           

        CLASS   STACK          



SEGMENTS        Name                           Load    Length   Top    Selector   Space  Class

                reset_vec                      000000  000004  000004         0       0  CODE    
                bssCOMRAM                      000001  000079  00007A         1       1  COMRAM  
                intcode                        000008  00000A  000012         4       0  CODE    
                bssBANK0                       000080  00007D  0000FD        80       1  BANK0   
                cstackBANK1                    000100  000008  000108       100       1  BANK1   
                smallconst                     001000  000034  001034       800       0  SMALLCON
                text31                         001034  001D75  002DA9       81A       0  CODE    
                text12                         002DAA  00011D  002EC7      16D5       0  CODE    
                text41                         002EC8  00005E  002F26      1764       0  CODE    


UNUSED ADDRESS RANGES

        Name                Unused          Largest block    Delta
        BANK0            0000FD-0000FF                3
        BANK1            000108-0001FF               F8
        BANK10           000A00-000AFF              100
        BANK11           000B00-000BFF              100
        BANK12           000C00-000CFF              100
        BANK13           000D00-000DFF              100
        BANK14           000E00-000EFF              100
        BANK15           000F00-000F7F               80
        BANK2            000200-0002FF              100
        BANK3            000300-0003FF              100
        BANK4            000400-0004FF              100
        BANK5            000500-0005FF              100
        BANK6            000600-0006FF              100
        BANK7            000700-0007FF              100
        BANK8            000800-0008FF              100
        BANK9            000900-0009FF              100
        BIGRAM           00007A-00007F                6
                         0000FD-0000FF                3
                         000108-000F7F              E78
        BIGSFR           000F80-000FFF               80
        CODE             000004-000007                4
                         000012-000FFF              FEE
                         002DA9-002DA9                1
                         002EC7-002EC7                1
                         002F26-00FFFF             D0DA
        COMRAM           00007A-00007F                6
        CONST            000004-000007                4
                         000012-000FFF              FEE
                         002DA9-002DA9                1
                         002EC7-002EC7                1
                         002F26-00FFFF             D0DA
        EEDATA           F00000-F003FF              400
        MEDIUMCONST      002DA9-002DA9                1
                         002EC7-002EC7                1
                         002F26-00FFFF             D0DA
        RAM              0000FD-0000FF                3
                         000108-000F7F              100
        SFR              000F80-000FFF               80
        SMALLCONST       002DA9-002DA9                1
                         002EC7-002EC7                1
                         002F26-00FFFF              100

                                  Symbol Table

?___awdiv                                          cstackCOMRAM 000039
?___awmod                                          cstackCOMRAM 000039
?___flmul                                          cstackCOMRAM 000047
?___fltol                                          cstackCOMRAM 000060
?___lwdiv                                          cstackCOMRAM 000039
?___xxtofl                                         cstackCOMRAM 000039
?_abs                                              cstackCOMRAM 00003F
?_sprintf                                          cstackCOMRAM 000052
?_vfprintf                                         cstackCOMRAM 00004E
ADC_GetConversionResult@_adc                       cstackCOMRAM 000039
ADC_GetConversionResult@conversion_result          cstackCOMRAM 00003A
ADC_GetConversionResult@ret                        cstackCOMRAM 00003E
ADC_GetConversion_Blocking@_adc                    cstackCOMRAM 000040
ADC_GetConversion_Blocking@channel                 cstackCOMRAM 000041
ADC_GetConversion_Blocking@conversion_result       cstackCOMRAM 000042
ADC_GetConversion_Blocking@ret                     cstackCOMRAM 000043
ADC_Init@_adc                                      cstackCOMRAM 00003C
ADC_Init@ret                                       cstackCOMRAM 00003E
ADC_SelectChannel@_adc                             cstackCOMRAM 00003C
ADC_SelectChannel@channel                          cstackCOMRAM 00003D
ADC_SelectChannel@ret                              cstackCOMRAM 00003F
ADC_StartConversion@_adc                           cstackCOMRAM 000039
ADC_StartConversion@ret                            cstackCOMRAM 00003A
MSSP_SPI_Msster_Mode_GPIO_PIN_Configurations@F3103 dataCOMRAM   000070
MSSP_SPI_Msster_Mode_GPIO_PIN_Configurations@F3105 dataCOMRAM   00006F
MSSP_SPI_Msster_Mode_GPIO_PIN_Configurations@F3107 dataCOMRAM   00006E
MSSP_SPI_Slave_Mode_GPIO_PIN_Configurations@F3112  dataCOMRAM   00006D
MSSP_SPI_Slave_Mode_GPIO_PIN_Configurations@F3114  dataCOMRAM   00006C
MSSP_SPI_Slave_Mode_GPIO_PIN_Configurations@F3116  dataCOMRAM   00006B
MSSP_SPI_Slave_Mode_GPIO_PIN_Configurations@F3118  dataCOMRAM   00006A
RB4_ISR@RB4_Source                                 cstackCOMRAM 000038
RB5_ISR@RB5_Source                                 cstackCOMRAM 000038
RB6_ISR@RB6_Source                                 cstackCOMRAM 000038
RB7_ISR@RB7_Source                                 cstackCOMRAM 000038
_ADCON0bits                                        (abs)        000FC2
_ADCON1bits                                        (abs)        000FC1
_ADCON2bits                                        (abs)        000FC0
_ADC_GetConversionResult                           text39       002476
_ADC_GetConversion_Blocking                        text35       002996
_ADC_ISR                                           text59       002F1A
_ADC_Init                                          text32       0025DE
_ADC_InterruptHandler                              bssCOMRAM    000029
_ADC_SelectChannel                                 text37       002D0A
_ADC_StartConversion                               text36       002E2E
_ADRESH                                            (abs)        000FC4
_ADRESL                                            (abs)        000FC3
_BAUDCONbits                                       (abs)        000FB8
_CCP1CONbits                                       (abs)        000FBD
_CCP1_ISR                                          text58       002F16
_CCP1_InterruptHandler                             bssCOMRAM    000027
_CCP2CONbits                                       (abs)        000FBA
_CCP2_ISR                                          text57       002F12
_CCP2_InterruptHandler                             bssCOMRAM    000025
_CCPR1L                                            (abs)        000FBE
_CCPR2L                                            (abs)        000FBB
_Celsius                                           dataBANK0    0000E4
_EEADR                                             (abs)        000FA9
_EEADRH                                            (abs)        000FAA
_EECON1bits                                        (abs)        000FA6
_EECON2                                            (abs)        000FA7
_EEDATA                                            (abs)        000FA8
_EUSART_FramingErrorHandler                        bssBANK0     0000AC
_EUSART_OverrunErrorHandler                        bssBANK0     0000AA
_EUSART_RX_ISR                                     text56       002F24
_EUSART_RxInterruptHandler                         bssBANK0     0000AE
_EUSART_TX_ISR                                     text55       002F0E
_EUSART_TxInterruptHandler                         bssBANK0     0000B0
_I2C_DefaultInterruptHandle                        bssCOMRAM    000021
_I2C_Report_Receive_Overflow_InterruptHandle       bssBANK0     0000B6
_I2C_Report_Write_Collision_InterruptHandler       bssCOMRAM    000023
_INT0_ISR                                          text54       002F0A
_INT0_InterruptHandler                             bssCOMRAM    00001F
_INT1_ISR                                          text53       002F06
_INT1_InterruptHandler                             bssCOMRAM    00001D
_INT2_ISR                                          text52       002F02
_INT2_InterruptHandler                             bssCOMRAM    00001B
_INTCON2bits                                       (abs)        000FF1
_INTCON3bits                                       (abs)        000FF0
_INTCONbits                                        (abs)        000FF2
_InterruptManager                                  intcode      000008
_LATA                                              (abs)        000F89
_LATB                                              (abs)        000F8A
_LATC                                              (abs)        000F8B
_LATD                                              (abs)        000F8C
_LATE                                              (abs)        000F8D
_MSSP_I2C_BC_ISR                                   text51       002EFE
_MSSP_I2C_ISR                                      text50       002EFA
_MSSP_SPI_ISR                                      text49       002F22
_PIE1bits                                          (abs)        000F9D
_PIE2bits                                          (abs)        000FA0
_PIR1bits                                          (abs)        000F9E
_PIR2bits                                          (abs)        000FA1
_PORTA                                             (abs)        000F80
_PORTB                                             (abs)        000F81
_PORTBbits                                         (abs)        000F81
_PORTC                                             (abs)        000F82
_PORTD                                             (abs)        000F83
_PORTE                                             (abs)        000F84
_PR2                                               (abs)        000FCB
_RB4_Flag                                          dataCOMRAM   000074
_RB4_ISR                                           text48       002E9E
_RB4_InterruptHandler_HIGH                         bssCOMRAM    000019
_RB4_InterruptHandler_LOW                          bssCOMRAM    000017
_RB5_Flag                                          dataCOMRAM   000073
_RB5_ISR                                           text47       002E84
_RB5_InterruptHandler_HIGH                         bssCOMRAM    000015
_RB5_InterruptHandler_LOW                          bssCOMRAM    000013
_RB6_Flag                                          dataCOMRAM   000072
_RB6_ISR                                           text46       002E6A
_RB6_InterruptHandler_HIGH                         bssCOMRAM    000011
_RB6_InterruptHandler_LOW                          bssCOMRAM    00000F
_RB7_Flag                                          dataCOMRAM   000071
_RB7_ISR                                           text45       002E50
_RB7_InterruptHandler_HIGH                         bssCOMRAM    00000D
_RB7_InterruptHandler_LOW                          bssCOMRAM    00000B
_RCREG                                             (abs)        000FAE
_RCSTAbits                                         (abs)        000FAB
_SPBRG                                             (abs)        000FAF
_SPBRGH                                            (abs)        000FB0
_SSPADD                                            (abs)        000FC8
_SSPBUF                                            (abs)        000FC9
_SSPCON1bits                                       (abs)        000FC6
_SSPCON2bits                                       (abs)        000FC5
_SSPSTATbits                                       (abs)        000FC7
_T0CONbits                                         (abs)        000FD5
_T1CONbits                                         (abs)        000FCD
_T2CONbits                                         (abs)        000FCA
_T3CONbits                                         (abs)        000FB1
_TMR0H                                             (abs)        000FD7
_TMR0L                                             (abs)        000FD6
_TMR0_ISR                                          text44       002EE0
_TMR0_InterruptHandler                             bssCOMRAM    000009
_TMR1H                                             (abs)        000FCF
_TMR1L                                             (abs)        000FCE
_TMR1_ISR                                          text43       002ED4
_TMR1_InterruptHandler                             bssCOMRAM    000005
_TMR2                                              (abs)        000FCC
_TMR2_ISR                                          text42       002EEC
_TMR2_InterruptHandler                             bssBANK0     0000B4
_TMR3H                                             (abs)        000FB3
_TMR3L                                             (abs)        000FB2
_TMR3_ISR                                          text41       002EC8
_TMR3_InterruptHandler                             bssBANK0     0000B2
_TRISA                                             (abs)        000F92
_TRISB                                             (abs)        000F93
_TRISC                                             (abs)        000F94
_TRISCbits                                         (abs)        000F94
_TRISD                                             (abs)        000F95
_TRISE                                             (abs)        000F96
_TXREG                                             (abs)        000FAD
_TXSTAbits                                         (abs)        000FAC
__HRAM                                             (abs)        000000
__H__absolute__                                    __absolute__ 000000
__Habs1                                            abs1         000000
__Hbank0                                           bank0        000000
__Hbank1                                           bank1        000000
__Hbank10                                          bank10       000000
__Hbank11                                          bank11       000000
__Hbank12                                          bank12       000000
__Hbank13                                          bank13       000000
__Hbank14                                          bank14       000000
__Hbank15                                          bank15       000000
__Hbank2                                           bank2        000000
__Hbank3                                           bank3        000000
__Hbank4                                           bank4        000000
__Hbank5                                           bank5        000000
__Hbank6                                           bank6        000000
__Hbank7                                           bank7        000000
__Hbank8                                           bank8        000000
__Hbank9                                           bank9        000000
__Hbigbss                                          bigbss       000000
__Hbigdata                                         bigdata      000000
__Hbigram                                          bigram       000000
__Hbigsfr                                          bigsfr       000000
__Hbss                                             bss          000000
__HbssBANK0                                        bssBANK0     000000
__HbssCOMRAM                                       bssCOMRAM    000000
__Hcinit                                           cinit        000000
__Hclrtext                                         clrtext      000000
__Hcomram                                          comram       000000
__Hconfig                                          config       30000E
__Hconst                                           const        000000
__HcstackBANK1                                     cstackBANK1  000000
__HcstackCOMRAM                                    cstackCOMRAM 000000
__Hdata                                            data         000000
__HdataBANK0                                       dataBANK0    000000
__HdataCOMRAM                                      dataCOMRAM   000000
__Heeprom_data                                     eeprom_data  000000
__Hfarbss                                          farbss       000000
__Hfardata                                         fardata      000000
__Hheap                                            heap         000000
__Hibigdata                                        ibigdata     000000
__Hidata                                           idata        000000
__HidataBANK0                                      idataBANK0   000000
__HidataCOMRAM                                     idataCOMRAM  000000
__Hidloc                                           idloc        200008
__Hifardata                                        ifardata     000000
__Hinit                                            init         000012
__Hintcode                                         intcode      00000E
__Hintcode_body                                    intcode_body 000000
__Hintcodelo                                       intcodelo    00000E
__Hintentry                                        intentry     000000
__Hintret                                          intret       000000
__Hintsave_regs                                    intsave_regs 000000
__Hirdata                                          irdata       000000
__Hmediumconst                                     mediumconst  000000
__HnvBANK0                                         nvBANK0      000000
__HnvFARRAM                                        nvFARRAM     000000
__Hnvbit                                           nvbit        000000
__Hnvrram                                          nvrram       000000
__Hparam                                           rparam       000000
__Hpowerup                                         powerup      00000E
__Hram                                             ram          000000
__Hramtop                                          ramtop       001000
__Hrbit                                            rbit         000000
__Hrbss                                            rbss         000000
__Hrdata                                           rdata        000000
__Hreset_vec                                       reset_vec    000004
__Hrparam                                          rparam       000000
__Hsfr                                             sfr          000000
__Hsivt_hi                                         sivt_hi      000000
__Hsivt_lo                                         sivt_lo      000000
__Hsmallconst                                      smallconst   001034
__Hspace_0                                         (abs)        002F26
__Hspace_1                                         (abs)        000108
__Hspace_2                                         (abs)        000000
__Hspace_4                                         (abs)        60000E
__Hstack                                           stack        000000
__Hstruct                                          struct       000000
__Htemp                                            temp         00007A
__Htext                                            text         000000
__Htext0                                           text0        000000
__Htext1                                           text1        000000
__Htext10                                          text10       000000
__Htext11                                          text11       000000
__Htext12                                          text12       000000
__Htext13                                          text13       000000
__Htext14                                          text14       000000
__Htext15                                          text15       000000
__Htext16                                          text16       000000
__Htext17                                          text17       000000
__Htext18                                          text18       000000
__Htext19                                          text19       000000
__Htext2                                           text2        000000
__Htext20                                          text20       000000
__Htext21                                          text21       000000
__Htext22                                          text22       000000
__Htext23                                          text23       000000
__Htext24                                          text24       000000
__Htext25                                          text25       000000
__Htext26                                          text26       000000
__Htext27                                          text27       000000
__Htext28                                          text28       000000
__Htext29                                          text29       000000
__Htext3                                           text3        000000
__Htext30                                          text30       000000
__Htext31                                          text31       000000
__Htext32                                          text32       000000
__Htext33                                          text33       000000
__Htext34                                          text34       000000
__Htext35                                          text35       000000
__Htext36                                          text36       000000
__Htext37                                          text37       000000
__Htext38                                          text38       000000
__Htext39                                          text39       000000
__Htext4                                           text4        000000
__Htext41                                          text41       000000
__Htext42                                          text42       000000
__Htext43                                          text43       000000
__Htext44                                          text44       000000
__Htext45                                          text45       000000
__Htext46                                          text46       000000
__Htext47                                          text47       000000
__Htext48                                          text48       000000
__Htext49                                          text49       000000
__Htext5                                           text5        000000
__Htext50                                          text50       000000
__Htext51                                          text51       000000
__Htext52                                          text52       000000
__Htext53                                          text53       000000
__Htext54                                          text54       000000
__Htext55                                          text55       000000
__Htext56                                          text56       000000
__Htext57                                          text57       000000
__Htext58                                          text58       000000
__Htext59                                          text59       000000
__Htext6                                           text6        000000
__Htext7                                           text7        000000
__Htext8                                           text8        000000
__Htext9                                           text9        000000
__LRAM                                             (abs)        000001
__L__absolute__                                    __absolute__ 000000
__Labs1                                            abs1         000000
__Lbank0                                           bank0        000000
__Lbank1                                           bank1        000000
__Lbank10                                          bank10       000000
__Lbank11                                          bank11       000000
__Lbank12                                          bank12       000000
__Lbank13                                          bank13       000000
__Lbank14                                          bank14       000000
__Lbank15                                          bank15       000000
__Lbank2                                           bank2        000000
__Lbank3                                           bank3        000000
__Lbank4                                           bank4        000000
__Lbank5                                           bank5        000000
__Lbank6                                           bank6        000000
__Lbank7                                           bank7        000000
__Lbank8                                           bank8        000000
__Lbank9                                           bank9        000000
__Lbigbss                                          bigbss       000000
__Lbigdata                                         bigdata      000000
__Lbigram                                          bigram       000000
__Lbigsfr                                          bigsfr       000000
__Lbss                                             bss          000000
__LbssBANK0                                        bssBANK0     000000
__LbssCOMRAM                                       bssCOMRAM    000000
__Lcinit                                           cinit        000000
__Lclrtext                                         clrtext      000000
__Lcomram                                          comram       000000
__Lconfig                                          config       000000
__Lconst                                           const        000000
__LcstackBANK1                                     cstackBANK1  000000
__LcstackCOMRAM                                    cstackCOMRAM 000000
__Ldata                                            data         000000
__LdataBANK0                                       dataBANK0    000000
__LdataCOMRAM                                      dataCOMRAM   000000
__Leeprom_data                                     eeprom_data  000000
__Lfarbss                                          farbss       000000
__Lfardata                                         fardata      000000
__Lheap                                            heap         000000
__Libigdata                                        ibigdata     000000
__Lidata                                           idata        000000
__LidataBANK0                                      idataBANK0   000000
__LidataCOMRAM                                     idataCOMRAM  000000
__Lidloc                                           idloc        000000
__Lifardata                                        ifardata     000000
__Linit                                            init         00000E
__Lintcode                                         intcode      000008
__Lintcode_body                                    intcode_body 000000
__Lintcodelo                                       intcodelo    00000E
__Lintentry                                        intentry     000000
__Lintret                                          intret       000000
__Lintsave_regs                                    intsave_regs 000000
__Lirdata                                          irdata       000000
__Lmediumconst                                     mediumconst  000000
__LnvBANK0                                         nvBANK0      000000
__LnvFARRAM                                        nvFARRAM     000000
__Lnvbit                                           nvbit        000000
__Lnvrram                                          nvrram       000000
__Lparam                                           rparam       000000
__Lpowerup                                         powerup      00000E
__Lram                                             ram          000000
__Lramtop                                          ramtop       001000
__Lrbit                                            rbit         000000
__Lrbss                                            rbss         000000
__Lrdata                                           rdata        000000
__Lreset_vec                                       reset_vec    000000
__Lrparam                                          rparam       000000
__Lsfr                                             sfr          000000
__Lsivt_hi                                         sivt_hi      000000
__Lsivt_lo                                         sivt_lo      000000
__Lsmallconst                                      smallconst   001000
__Lspace_0                                         (abs)        000000
__Lspace_1                                         (abs)        000000
__Lspace_2                                         (abs)        000000
__Lspace_4                                         (abs)        000000
__Lstack                                           stack        000000
__Lstruct                                          struct       000000
__Ltemp                                            temp         000079
__Ltext                                            text         000000
__Ltext0                                           text0        000000
__Ltext1                                           text1        000000
__Ltext10                                          text10       000000
__Ltext11                                          text11       000000
__Ltext12                                          text12       000000
__Ltext13                                          text13       000000
__Ltext14                                          text14       000000
__Ltext15                                          text15       000000
__Ltext16                                          text16       000000
__Ltext17                                          text17       000000
__Ltext18                                          text18       000000
__Ltext19                                          text19       000000
__Ltext2                                           text2        000000
__Ltext20                                          text20       000000
__Ltext21                                          text21       000000
__Ltext22                                          text22       000000
__Ltext23                                          text23       000000
__Ltext24                                          text24       000000
__Ltext25                                          text25       000000
__Ltext26                                          text26       000000
__Ltext27                                          text27       000000
__Ltext28                                          text28       000000
__Ltext29                                          text29       000000
__Ltext3                                           text3        000000
__Ltext30                                          text30       000000
__Ltext31                                          text31       000000
__Ltext32                                          text32       000000
__Ltext33                                          text33       000000
__Ltext34                                          text34       000000
__Ltext35                                          text35       000000
__Ltext36                                          text36       000000
__Ltext37                                          text37       000000
__Ltext38                                          text38       000000
__Ltext39                                          text39       000000
__Ltext4                                           text4        000000
__Ltext41                                          text41       000000
__Ltext42                                          text42       000000
__Ltext43                                          text43       000000
__Ltext44                                          text44       000000
__Ltext45                                          text45       000000
__Ltext46                                          text46       000000
__Ltext47                                          text47       000000
__Ltext48                                          text48       000000
__Ltext49                                          text49       000000
__Ltext5                                           text5        000000
__Ltext50                                          text50       000000
__Ltext51                                          text51       000000
__Ltext52                                          text52       000000
__Ltext53                                          text53       000000
__Ltext54                                          text54       000000
__Ltext55                                          text55       000000
__Ltext56                                          text56       000000
__Ltext57                                          text57       000000
__Ltext58                                          text58       000000
__Ltext59                                          text59       000000
__Ltext6                                           text6        000000
__Ltext7                                           text7        000000
__Ltext8                                           text8        000000
__Ltext9                                           text9        000000
__S0                                               (abs)        002F26
__S1                                               (abs)        000108
__S4                                               (abs)        000000
__S5                                               (abs)        000000
___awdiv                                           text24       0022F8
___awdiv@counter                                   cstackCOMRAM 00003D
___awdiv@dividend                                  cstackCOMRAM 000039
___awdiv@divisor                                   cstackCOMRAM 00003B
___awdiv@quotient                                  cstackCOMRAM 00003F
___awdiv@sign                                      cstackCOMRAM 00003E
___awmod                                           text23       00252E
___awmod@counter                                   cstackCOMRAM 00003D
___awmod@dividend                                  cstackCOMRAM 000039
___awmod@divisor                                   cstackCOMRAM 00003B
___awmod@sign                                      cstackCOMRAM 00003E
___flmul                                           text31       001034
___flmul@a                                         cstackCOMRAM 00004B
___flmul@aexp                                      cstackCOMRAM 000058
___flmul@b                                         cstackCOMRAM 000047
___flmul@bexp                                      cstackCOMRAM 000059
___flmul@grs                                       cstackCOMRAM 000054
___flmul@prod                                      cstackCOMRAM 00005A
___flmul@sign                                      cstackCOMRAM 000053
___flmul@temp                                      cstackCOMRAM 00005E
___fltol                                           text30       002030
___fltol@exp1                                      cstackCOMRAM 000069
___fltol@f1                                        cstackCOMRAM 000060
___fltol@sign1                                     cstackCOMRAM 000068
___heap_hi                                         (abs)        000000
___heap_lo                                         (abs)        000000
___inthi_sp                                        stack        000000
___inthi_stack_hi                                  stack        000000
___inthi_stack_lo                                  stack        000000
___intlo_sp                                        stack        000000
___intlo_stack_hi                                  stack        000000
___intlo_stack_lo                                  stack        000000
___lwdiv                                           text29       00284E
___lwdiv@counter                                   cstackCOMRAM 00003F
___lwdiv@dividend                                  cstackCOMRAM 000039
___lwdiv@divisor                                   cstackCOMRAM 00003B
___lwdiv@quotient                                  cstackCOMRAM 00003D
___param_bank                                      (abs)        000000
___rparam_used                                     (abs)        000001
___sp                                              stack        000000
___stack_hi                                        stack        000000
___stack_lo                                        stack        000000
___xxtofl                                          text28       001C5A
___xxtofl@arg                                      cstackCOMRAM 000043
___xxtofl@exp                                      cstackCOMRAM 000042
___xxtofl@sign                                     cstackCOMRAM 000041
___xxtofl@val                                      cstackCOMRAM 000039
__accesstop                                        (abs)        000080
__activetblptr                                     (abs)        000003
__end_of_ADC_GetConversionResult                   text39       00252E
__end_of_ADC_GetConversion_Blocking                text35       0029F6
__end_of_ADC_ISR                                   text59       002F1E
__end_of_ADC_Init                                  text32       00268A
__end_of_ADC_SelectChannel                         text37       002D42
__end_of_ADC_StartConversion                       text36       002E50
__end_of_CCP1_ISR                                  text58       002F1A
__end_of_CCP2_ISR                                  text57       002F16
__end_of_EUSART_RX_ISR                             text56       002F26
__end_of_EUSART_TX_ISR                             text55       002F12
__end_of_INT0_ISR                                  text54       002F0E
__end_of_INT1_ISR                                  text53       002F0A
__end_of_INT2_ISR                                  text52       002F06
__end_of_InterruptManager                          intcode_body 001864
__end_of_MSSP_I2C_BC_ISR                           text51       002F02
__end_of_MSSP_I2C_ISR                              text50       002EFE
__end_of_MSSP_SPI_ISR                              text49       002F24
__end_of_RB4_ISR                                   text48       002EB8
__end_of_RB5_ISR                                   text47       002E9E
__end_of_RB6_ISR                                   text46       002E84
__end_of_RB7_ISR                                   text45       002E6A
__end_of_TMR0_ISR                                  text44       002EEC
__end_of_TMR1_ISR                                  text43       002EE0
__end_of_TMR2_ISR                                  text42       002EF4
__end_of_TMR3_ISR                                  text41       002ED4
__end_of___awdiv                                   text24       0023BC
__end_of___awmod                                   text23       0025DE
__end_of___flmul                                   text31       00145E
__end_of___fltol                                   text30       002136
__end_of___lwdiv                                   text29       0028C2
__end_of___xxtofl                                  text28       001E0E
__end_of__initialization                           cinit        00298C
__end_of_abs                                       text22       002D76
__end_of_adc_input_channel_port_configure          text38       0022F8
__end_of_application_intialize                     text26       002EFA
__end_of_btn_values                                smallconst   001011
__end_of_configure_voltage_reference               text34       002BA2
__end_of_convert_uint16_to_string                  text16       002734
__end_of_dc_motor_initialize                       text12       002DDA
__end_of_dc_motor_move_right                       text11       002D0A
__end_of_dc_motor_stop                             text10       002CD2
__end_of_ecu_layer_intialize                       text27       002F22
__end_of_fputc                                     text20       002476
__end_of_gpio_pin_direction_intialize              text15       001F20
__end_of_gpio_pin_intialize                        text13       002A54
__end_of_gpio_pin_write_logic                      text14       002030
__end_of_lcd_4bit_intialize                        text6        002220
__end_of_lcd_4bit_send_char_data                   text5        002AB0
__end_of_lcd_4bit_send_char_data_pos               text3        002C5E
__end_of_lcd_4bit_send_command                     text7        002B0C
__end_of_lcd_4bit_send_custom_char                 text2        002934
__end_of_lcd_4bit_send_enable_signal               text9        002E2E
__end_of_lcd_4bit_send_string_pos                  text1        0027CA
__end_of_lcd_4bit_set_cursor                       text4        00284E
__end_of_lcd_send_4bits                            text8        002B5C
__end_of_main                                      text0        001A98
__end_of_memset                                    text25       002E0A
__end_of_putch                                     text21       002F20
__end_of_select_result_format                      text33       002C22
__end_of_sprintf                                   text17       002C9A
__end_of_vfpfcnvrt                                 text19       001C5A
__end_of_vfprintf                                  text18       002BE2
__initialization                                   cinit        002934
__mediumconst                                      mediumconst  000000
__pbssBANK0                                        bssBANK0     000080
__pbssCOMRAM                                       bssCOMRAM    000001
__pcinit                                           cinit        002934
__pcstackBANK1                                     cstackBANK1  000100
__pcstackCOMRAM                                    cstackCOMRAM 000038
__pdataBANK0                                       dataBANK0    0000C6
__pdataCOMRAM                                      dataCOMRAM   00006A
__pidataBANK0                                      idataBANK0   002D76
__pidataCOMRAM                                     idataCOMRAM  002EB8
__pintcode                                         intcode      000008
__pintcode_body                                    intcode_body 00145E
__pnvBANK0                                         nvBANK0      0000F9
__psmallconst                                      smallconst   001000
__ptext0                                           text0        001864
__ptext1                                           text1        002734
__ptext10                                          text10       002C9A
__ptext11                                          text11       002CD2
__ptext12                                          text12       002DAA
__ptext13                                          text13       0029F6
__ptext14                                          text14       001F20
__ptext15                                          text15       001E0E
__ptext16                                          text16       00268A
__ptext17                                          text17       002C5E
__ptext18                                          text18       002BA2
__ptext19                                          text19       001A98
__ptext2                                           text2        0028C2
__ptext20                                          text20       0023BC
__ptext21                                          text21       002F1E
__ptext22                                          text22       002D42
__ptext23                                          text23       00252E
__ptext24                                          text24       0022F8
__ptext25                                          text25       002DDA
__ptext26                                          text26       002EF4
__ptext27                                          text27       002F20
__ptext28                                          text28       001C5A
__ptext29                                          text29       00284E
__ptext3                                           text3        002C22
__ptext30                                          text30       002030
__ptext31                                          text31       001034
__ptext32                                          text32       0025DE
__ptext33                                          text33       002BE2
__ptext34                                          text34       002B5C
__ptext35                                          text35       002996
__ptext36                                          text36       002E2E
__ptext37                                          text37       002D0A
__ptext38                                          text38       002220
__ptext39                                          text39       002476
__ptext4                                           text4        0027CA
__ptext41                                          text41       002EC8
__ptext42                                          text42       002EEC
__ptext43                                          text43       002ED4
__ptext44                                          text44       002EE0
__ptext45                                          text45       002E50
__ptext46                                          text46       002E6A
__ptext47                                          text47       002E84
__ptext48                                          text48       002E9E
__ptext49                                          text49       002F22
__ptext5                                           text5        002A54
__ptext50                                          text50       002EFA
__ptext51                                          text51       002EFE
__ptext52                                          text52       002F02
__ptext53                                          text53       002F06
__ptext54                                          text54       002F0A
__ptext55                                          text55       002F0E
__ptext56                                          text56       002F24
__ptext57                                          text57       002F12
__ptext58                                          text58       002F16
__ptext59                                          text59       002F1A
__ptext6                                           text6        002136
__ptext7                                           text7        002AB0
__ptext8                                           text8        002B0C
__ptext9                                           text9        002E0A
__ramtop                                           ramtop       001000
__smallconst                                       smallconst   001000
_abs                                               text22       002D42
_adc_1                                             dataBANK0    0000EC
_adc_input_channel_port_configure                  text38       002220
_application_intialize                             text26       002EF4
_btn_values                                        smallconst   001001
_configure_voltage_reference                       text34       002B5C
_convert_uint16_to_string                          text16       00268A
_dbuf                                              bssBANK0     000080
_dc_motor_1                                        dataCOMRAM   000077
_dc_motor_2                                        dataCOMRAM   000075
_dc_motor_initialize                               text12       002DAA
_dc_motor_move_right                               text11       002CD2
_dc_motor_stop                                     text10       002C9A
_ecu_layer_intialize                               text27       002F20
_flags                                             bssCOMRAM    00002B
_fputc                                             text20       0023BC
_gpio_pin_direction_intialize                      text15       001E0E
_gpio_pin_intialize                                text13       0029F6
_gpio_pin_write_logic                              text14       001F20
_lat_registers                                     dataBANK0    0000D0
_lcd_1                                             dataBANK0    0000F3
_lcd_4bit_intialize                                text6        002136
_lcd_4bit_send_char_data                           text5        002A54
_lcd_4bit_send_char_data_pos                       text3        002C22
_lcd_4bit_send_command                             text7        002AB0
_lcd_4bit_send_custom_char                         text2        0028C2
_lcd_4bit_send_enable_signal                       text9        002E0A
_lcd_4bit_send_string_pos                          text1        002734
_lcd_4bit_set_cursor                               text4        0027CA
_lcd_send_4bits                                    text8        002B0C
_lm35_res_1                                        bssCOMRAM    000036
_lm35_res_1_Celsius_mv                             nvBANK0      0000FB
_lm35_res_1_txt                                    bssBANK0     0000BF
_lm35_res_2                                        bssCOMRAM    000034
_lm35_res_2_Celsius_mv                             nvBANK0      0000F9
_lm35_res_2_txt                                    bssBANK0     0000B8
_main                                              text0        001864
_memset                                            text25       002DDA
_port_registers                                    dataBANK0    0000C6
_prec                                              bssBANK0     0000A8
_putch                                             text21       002F1E
_select_result_format                              text33       002BE2
_sprintf                                           text17       002C5E
_timer0_preload                                    bssCOMRAM    000007
_timer1_preload                                    bssCOMRAM    000003
_timer2_preload                                    bssCOMRAM    00002C
_timer3_preload                                    bssCOMRAM    000001
_tris_registers                                    dataBANK0    0000DA
_vfpfcnvrt                                         text19       001A98
_vfprintf                                          text18       002BA2
_width                                             bssBANK0     0000A6
abs@a                                              cstackCOMRAM 00003F
adc_input_channel_port_configure@channel           cstackCOMRAM 00003B
btemp                                              temp         000079
configure_voltage_reference@_adc                   cstackCOMRAM 000039
convert_uint16_to_string@DataCounter               cstackBANK1  000107
convert_uint16_to_string@Temp_String               cstackBANK1  000100
convert_uint16_to_string@ret                       cstackBANK1  000106
convert_uint16_to_string@str                       cstackCOMRAM 000068
convert_uint16_to_string@value                     cstackCOMRAM 000066
dc_motor_initialize@_dc_motor                      cstackCOMRAM 000044
dc_motor_initialize@ret                            cstackCOMRAM 000045
dc_motor_move_right@_dc_motor                      cstackCOMRAM 000041
dc_motor_move_right@ret                            cstackCOMRAM 000042
dc_motor_stop@_dc_motor                            cstackCOMRAM 000041
dc_motor_stop@ret                                  cstackCOMRAM 000042
end_of_initialization                              cinit        00298C
fputc@c                                            cstackCOMRAM 000039
fputc@fp                                           cstackCOMRAM 00003B
gpio_pin_direction_intialize@_pin_config           cstackCOMRAM 000039
gpio_pin_direction_intialize@ret                   cstackCOMRAM 00003F
gpio_pin_intialize@_pin_config                     cstackCOMRAM 000041
gpio_pin_intialize@ret                             cstackCOMRAM 000043
gpio_pin_write_logic@_pin_config                   cstackCOMRAM 000039
gpio_pin_write_logic@logic                         cstackCOMRAM 00003A
gpio_pin_write_logic@ret                           cstackCOMRAM 000040
int$flags                                          temp         000079
int_func                                           intcode_body 00145E
intlevel0                                          text         000000
intlevel1                                          text         000000
intlevel2                                          text         000000
intlevel3                                          text         000000
isa$std                                            (abs)        000001
isa$xinst                                          (abs)        000000
lcd_4bit_intialize@l_data_pins_counter             cstackCOMRAM 000049
lcd_4bit_intialize@lcd                             cstackCOMRAM 000047
lcd_4bit_intialize@ret                             cstackCOMRAM 00004A
lcd_4bit_send_char_data@data                       cstackCOMRAM 000045
lcd_4bit_send_char_data@lcd                        cstackCOMRAM 000044
lcd_4bit_send_char_data@ret                        cstackCOMRAM 000046
lcd_4bit_send_char_data_pos@column                 cstackCOMRAM 00004D
lcd_4bit_send_char_data_pos@data                   cstackCOMRAM 00004E
lcd_4bit_send_char_data_pos@lcd                    cstackCOMRAM 00004B
lcd_4bit_send_char_data_pos@ret                    cstackCOMRAM 00004F
lcd_4bit_send_char_data_pos@row                    cstackCOMRAM 00004C
lcd_4bit_send_command@command                      cstackCOMRAM 000045
lcd_4bit_send_command@lcd                          cstackCOMRAM 000044
lcd_4bit_send_command@ret                          cstackCOMRAM 000046
lcd_4bit_send_custom_char@_chr                     cstackCOMRAM 000053
lcd_4bit_send_custom_char@column                   cstackCOMRAM 000052
lcd_4bit_send_custom_char@lcd                      cstackCOMRAM 000050
lcd_4bit_send_custom_char@lcd_counter              cstackCOMRAM 000056
lcd_4bit_send_custom_char@mem_pos                  cstackCOMRAM 000054
lcd_4bit_send_custom_char@ret                      cstackCOMRAM 000055
lcd_4bit_send_custom_char@row                      cstackCOMRAM 000051
lcd_4bit_send_enable_signal@lcd                    cstackCOMRAM 000041
lcd_4bit_send_enable_signal@ret                    cstackCOMRAM 000042
lcd_4bit_send_string_pos@column                    cstackCOMRAM 00004D
lcd_4bit_send_string_pos@lcd                       cstackCOMRAM 00004B
lcd_4bit_send_string_pos@ret                       cstackCOMRAM 000050
lcd_4bit_send_string_pos@row                       cstackCOMRAM 00004C
lcd_4bit_send_string_pos@str                       cstackCOMRAM 00004E
lcd_4bit_set_cursor@coulmn                         cstackCOMRAM 000049
lcd_4bit_set_cursor@lcd                            cstackCOMRAM 000047
lcd_4bit_set_cursor@ret                            cstackCOMRAM 00004A
lcd_4bit_set_cursor@row                            cstackCOMRAM 000048
lcd_send_4bits@_data_command                       cstackCOMRAM 000042
lcd_send_4bits@lcd                                 cstackCOMRAM 000041
lcd_send_4bits@ret                                 cstackCOMRAM 000043
led_initialize@F3061                               bssCOMRAM    000033
led_turn_off@F3071                                 bssCOMRAM    000031
led_turn_on@F3066                                  bssCOMRAM    000032
led_turn_toggle@F3076                              bssCOMRAM    000030
memset@c                                           cstackCOMRAM 00003A
memset@dest                                        cstackCOMRAM 000039
memset@n                                           cstackCOMRAM 00003C
memset@p                                           cstackCOMRAM 00003E
relay_initialize@F3055                             bssCOMRAM    00002F
relay_turn_off@F3065                               bssCOMRAM    00002D
relay_turn_on@F3060                                bssCOMRAM    00002E
select_result_format@_adc                          cstackCOMRAM 000039
sprintf@ap                                         cstackCOMRAM 000059
sprintf@f                                          cstackCOMRAM 00005A
sprintf@fmt                                        cstackCOMRAM 000054
sprintf@s                                          cstackCOMRAM 000052
stackhi                                            (abs)        000000
stacklo                                            (abs)        000000
start                                              init         00000E
start_initialization                               cinit        002934
ttemp5                                             temp         00007A
ttemp6                                             temp         00007D
ttemp7                                             temp         000081
vfpfcnvrt@ap                                       cstackCOMRAM 000045
vfpfcnvrt@c                                        cstackCOMRAM 00004D
vfpfcnvrt@convarg                                  cstackCOMRAM 000049
vfpfcnvrt@cp                                       cstackCOMRAM 000048
vfpfcnvrt@done                                     cstackCOMRAM 000047
vfpfcnvrt@fmt                                      cstackCOMRAM 000044
vfpfcnvrt@fp                                       cstackCOMRAM 000043
vfprintf@ap                                        cstackCOMRAM 000050
vfprintf@cfmt                                      cstackCOMRAM 000051
vfprintf@fmt                                       cstackCOMRAM 00004F
vfprintf@fp                                        cstackCOMRAM 00004E
wtemp8                                             temp         00007A


MODULE INFORMATION

Module		Function		Class		Link	Load	Size
C:\Program Files\Microchip\xc8\v2.46\pic\sources\c99\common\fltol.c
		___fltol       		CODE           	2030	0000	262

C:\Program Files\Microchip\xc8\v2.46\pic\sources\c99\common\fltol.c estimated size: 262

MCAL_Layer/Timer2/hal_timr2.c
		_TMR2_ISR      		CODE           	2EEC	0000	8

MCAL_Layer/Timer2/hal_timr2.c estimated size: 8

C:\Program Files\Microchip\xc8\v2.46\pic\sources\c99\common\nf_fputc.c
		_fputc         		CODE           	23BC	0000	186

C:\Program Files\Microchip\xc8\v2.46\pic\sources\c99\common\nf_fputc.c estimated size: 186

MCAL_Layer/Timer0/hal_timr0.c
		_TMR0_ISR      		CODE           	2EE0	0000	12

MCAL_Layer/Timer0/hal_timr0.c estimated size: 12

C:\Program Files\Microchip\xc8\v2.46\pic\sources\c99\common\lwdiv.c
		___lwdiv       		CODE           	284E	0000	116

C:\Program Files\Microchip\xc8\v2.46\pic\sources\c99\common\lwdiv.c estimated size: 116

C:\Program Files\Microchip\xc8\v2.46\pic\sources\c99\common\awdiv.c
		___awdiv       		CODE           	22F8	0000	196

C:\Program Files\Microchip\xc8\v2.46\pic\sources\c99\common\awdiv.c estimated size: 196

ECU_Layer/DC_Motor/ecu_dc_motor.c
		_dc_motor_stop 		CODE           	2C9A	0000	56
		_dc_motor_initialize		CODE           	2DAA	0000	48
		_dc_motor_move_right		CODE           	2CD2	0000	56

ECU_Layer/DC_Motor/ecu_dc_motor.c estimated size: 160

C:\Program Files\Microchip\xc8\v2.46\pic\sources\c99\common\xxtofl.c
		___xxtofl      		CODE           	1C5A	0000	436

C:\Program Files\Microchip\xc8\v2.46\pic\sources\c99\common\xxtofl.c estimated size: 436

MCAL_Layer/SPI/hal_spi.c
		_MSSP_SPI_ISR  		CODE           	2F22	0000	2

MCAL_Layer/SPI/hal_spi.c estimated size: 2

C:\Program Files\Microchip\xc8\v2.46\pic\sources\c99\common\sprcmul.c
		___flmul       		CODE           	1034	0000	1066

C:\Program Files\Microchip\xc8\v2.46\pic\sources\c99\common\sprcmul.c estimated size: 1066

ECU_Layer/Chr_LCD/ecu_chr_lcd.c
		_lcd_4bit_send_command		CODE           	2AB0	0000	92
		_lcd_4bit_send_string_pos		CODE           	2734	0000	150
		_lcd_4bit_send_char_data		CODE           	2A54	0000	92
		_lcd_send_4bits		CODE           	2B0C	0000	80
		_lcd_4bit_intialize		CODE           	2136	0000	234
		_lcd_4bit_send_char_data_pos		CODE           	2C22	0000	60
		_convert_uint16_to_string		CODE           	268A	0000	170
		_lcd_4bit_set_cursor		CODE           	27CA	0000	132
		_lcd_4bit_send_enable_signal		CODE           	2E0A	0000	36
		_lcd_4bit_send_custom_char		CODE           	28C2	0000	114

ECU_Layer/Chr_LCD/ecu_chr_lcd.c estimated size: 1160

C:\Program Files\Microchip\xc8\v2.46\pic\sources\c99\common\memset.c
		_memset        		CODE           	2DDA	0000	48

C:\Program Files\Microchip\xc8\v2.46\pic\sources\c99\common\memset.c estimated size: 48

MCAL_Layer/I2C/hal_i2c.c
		_MSSP_I2C_ISR  		CODE           	2EFA	0000	4
		_MSSP_I2C_BC_ISR		CODE           	2EFE	0000	4

MCAL_Layer/I2C/hal_i2c.c estimated size: 8

C:\Program Files\Microchip\xc8\v2.46\pic\sources\c99\common\doprnt.c
		_vfpfcnvrt     		CODE           	1A98	0000	450
		_vfprintf      		CODE           	2BA2	0000	64

C:\Program Files\Microchip\xc8\v2.46\pic\sources\c99\common\doprnt.c estimated size: 514

C:\Program Files\Microchip\xc8\v2.46\pic\sources\c99\common\nf_sprintf.c
		_sprintf       		CODE           	2C5E	0000	60

C:\Program Files\Microchip\xc8\v2.46\pic\sources\c99\common\nf_sprintf.c estimated size: 60

MCAL_Layer/usart/hal_usart.c
		_EUSART_RX_ISR 		CODE           	2F24	0000	2
		_EUSART_TX_ISR 		CODE           	2F0E	0000	4

MCAL_Layer/usart/hal_usart.c estimated size: 6

MCAL_Layer/Timer3/hal_timr3.c
		_TMR3_ISR      		CODE           	2EC8	0000	12

MCAL_Layer/Timer3/hal_timr3.c estimated size: 12

shared
		_btn_values    		SMALLCONST     	1001	0000	16
		__initialization		CODE           	2934	0000	88

shared estimated size: 104

C:\Program Files\Microchip\xc8\v2.46\pic\sources\c99\common\putch.c
		_putch         		CODE           	2F1E	0000	2

C:\Program Files\Microchip\xc8\v2.46\pic\sources\c99\common\putch.c estimated size: 2

MCAL_Layer/Interrupt/mcal_external_interrupt.c
		_RB4_ISR       		CODE           	2E9E	0000	26
		_RB5_ISR       		CODE           	2E84	0000	26
		_RB6_ISR       		CODE           	2E6A	0000	26
		_RB7_ISR       		CODE           	2E50	0000	26
		_INT0_ISR      		CODE           	2F0A	0000	4
		_INT1_ISR      		CODE           	2F06	0000	4
		_INT2_ISR      		CODE           	2F02	0000	4

MCAL_Layer/Interrupt/mcal_external_interrupt.c estimated size: 116

MCAL_Layer/ADC/hal_adc.c
		_adc_input_channel_port_configure		CODE           	2220	0000	216
		_ADC_GetConversion_Blocking		CODE           	2996	0000	96
		_ADC_GetConversionResult		CODE           	2476	0000	184
		_configure_voltage_reference		CODE           	2B5C	0000	70
		_ADC_StartConversion		CODE           	2E2E	0000	34
		_ADC_ISR       		CODE           	2F1A	0000	4
		_ADC_SelectChannel		CODE           	2D0A	0000	56
		_ADC_Init      		CODE           	25DE	0000	172
		_select_result_format		CODE           	2BE2	0000	64

MCAL_Layer/ADC/hal_adc.c estimated size: 896

MCAL_Layer/Interrupt/mcal_interrupt_manager.c
		_InterruptManager		CODE           	0008	0000	1036

MCAL_Layer/Interrupt/mcal_interrupt_manager.c estimated size: 1036

MCAL_Layer/GPIO/hal_gpio.c
		_gpio_pin_write_logic		CODE           	1F20	0000	272
		_gpio_pin_intialize		CODE           	29F6	0000	94
		_gpio_pin_direction_intialize		CODE           	1E0E	0000	274

MCAL_Layer/GPIO/hal_gpio.c estimated size: 640

MCAL_Layer/Timer1/hal_timr1.c
		_TMR1_ISR      		CODE           	2ED4	0000	12

MCAL_Layer/Timer1/hal_timr1.c estimated size: 12

ECU_Layer/ecu_layer_init.c
		_ecu_layer_intialize		CODE           	2F20	0000	2

ECU_Layer/ecu_layer_init.c estimated size: 2

C:\Program Files\Microchip\xc8\v2.46\pic\sources\c99\common\abs.c
		_abs           		CODE           	2D42	0000	52

C:\Program Files\Microchip\xc8\v2.46\pic\sources\c99\common\abs.c estimated size: 52

C:\Program Files\Microchip\xc8\v2.46\pic\sources\c99\common\awmod.c
		___awmod       		CODE           	252E	0000	176

C:\Program Files\Microchip\xc8\v2.46\pic\sources\c99\common\awmod.c estimated size: 176

application.c
		_main          		CODE           	1864	0000	564
		_application_intialize		CODE           	2EF4	0000	6

application.c estimated size: 570

MCAL_Layer/CCP/hal_ccp.c
		_CCP1_ISR      		CODE           	2F16	0000	4
		_CCP2_ISR      		CODE           	2F12	0000	4

MCAL_Layer/CCP/hal_ccp.c estimated size: 8

